Min(
    [
        Sub(
            Constant(
                10.0
            ),
            Sqrt(
                Add(
                    [
                        Square(
                            Sub(
                                X,
                                Constant(
                                    11.0
                                )
                            )
                        ),
                        Square(
                            Sub(
                                Y,
                                Constant(
                                    11.0
                                )
                            )
                        )
                    ]
                )
            )
        ),
        Sub(
            Constant(
                10.0
            ),
            Sqrt(
                Add(
                    [
                        Square(
                            Sub(
                                X,
                                Constant(
                                    21.0
                                )
                            )
                        ),
                        Square(
                            Sub(
                                Y,
                                Constant(
                                    11.0
                                )
                            )
                        )
                    ]
                )
            )
        )
    ]
)