CompilationResult {
    code: [
        4,
        0,
        5,
        4,
        1,
        10,
        11,
        6,
        4,
        1,
        10,
        11,
        8,
        15,
        10,
        4,
        0,
        5,
        4,
        2,
        10,
        11,
        6,
        4,
        1,
        10,
        11,
        8,
        15,
        10,
        13
    ],
    constants: [
        10.0,
        11.0,
        21.0
    ],
    max_stack: 5,
    transform_depth: 1,
    buffers: []
}