CompilationResult {
    code: [
        19,
        0,
        1,
        1,
        1,
        1,
        2,
        1,
        1,
        1,
        1,
        2,
        1,
        1,
        1,
        1,
        2,
        17,
        3,
        3,
        4,
        3,
        17,
        4,
        3,
        4,
        4,
        17,
        4,
        4,
        3,
        4,
        17,
        3,
        4,
        3,
        3,
        18,
        4,
        4,
        5,
        8,
        20
    ],
    constants: [
        0.33333334,
        0.0,
        1.0,
        6.0,
        16.0,
        -5.0
    ],
    max_stack: 9,
    transform_depth: 2,
    buffers: []
}