CompilationResult {
    code: [
        19,
        0,
        1,
        1,
        1,
        1,
        0,
        1,
        1,
        1,
        1,
        0,
        1,
        2,
        3,
        1,
        0,
        0,
        20
    ],
    constants: [
        1.0,
        0.0,
        -22.825356,
        -19.798374
    ],
    max_stack: 1,
    transform_depth: 1,
    buffers: [
        Buffer {
            width: 46,
            height: 44,
            depth: 1,
            kind: Opencl(
                OpenclBuffer(
                    Buffer {
                        obj_core: Mem(
                            0x00007f9478e38d50
                        ),
                        queue: Some(
                            Queue {
                                obj_core: CommandQueue(
                                    0x00007f9478e22f80
                                ),
                                device_version: OpenclVersion {
                                    ver: [
                                        1,
                                        2
                                    ]
                                }
                            }
                        ),
                        len: 2024,
                        offset: None,
                        _data: PhantomData
                    }
                )
            )
        }
    ]
}