Positive(
    Bbox {
        x: 1.0,
        y: 1.0,
        w: 30.0,
        h: 30.0
    }
)