Serially(
    [
        Define(
            0,
            BasicShape(
                Transform(
                    Intersection(
                        [
                            Terminal(
                                Circle(
                                    Circle {
                                        x: 0.0,
                                        y: 0.0,
                                        r: 10.0
                                    }
                                )
                            ),
                            Not(
                                Modulate(
                                    Terminal(
                                        Circle(
                                            Circle {
                                                x: 0.0,
                                                y: 0.0,
                                                r: 10.0
                                            }
                                        )
                                    ),
                                    -4.0
                                )
                            )
                        ]
                    ),
                    [
                        1.0,
                        0.0,
                        0.0,
                        1.0,
                        12.0,
                        12.0
                    ]
                )
            )
        ),
        Export(
            0
        )
    ]
)