Serially(
    [
        Serially(
            [
                Define(
                    0,
                    Polygon(
                        Polygon {
                            points: [
                                (-10.0,-0.00000000000000183697),
                                (0.0000000000000012246468,-10.0),
                                (0.0000000000000012246468,-10.0),
                                (10.0,0.0000000000000006123234),
                                (10.0,0.0000000000000006123234),
                                (0.0,10.0),
                                (0.0,10.0),
                                (-10.0,-0.00000000000000183697)
                            ],
                            matrix: [
                                1.0,
                                0.0,
                                0.0,
                                1.0,
                                12.0,
                                12.0
                            ]
                        }
                    )
                )
            ]
        ),
        Define(
            1,
            BasicShape(
                Transform(
                    Terminal(
                        Field(
                            0
                        )
                    ),
                    [
                        1.0,
                        0.0,
                        0.0,
                        1.0,
                        12.0,
                        12.0
                    ]
                )
            )
        ),
        Export(
            1
        )
    ]
)