CompilationResult {
    code: [
        19,
        0,
        1,
        1,
        1,
        1,
        2,
        1,
        1,
        1,
        1,
        2,
        1,
        1,
        1,
        1,
        2,
        4,
        3,
        5,
        4,
        4,
        10,
        11,
        6,
        4,
        4,
        10,
        11,
        8,
        15,
        10,
        20
    ],
    constants: [
        0.5,
        0.0,
        1.0,
        10.0,
        11.0
    ],
    max_stack: 4,
    transform_depth: 2,
    buffers: []
}