Transform {
    target: Buffer(
        Buffer {
            width: 22,
            height: 24,
            depth: 1,
            kind: Opencl(
                OpenclBuffer(
                    Buffer {
                        obj_core: Mem(
                            0x00007f94789f5770
                        ),
                        queue: Some(
                            Queue {
                                obj_core: CommandQueue(
                                    0x00007f9479188500
                                ),
                                device_version: OpenclVersion {
                                    ver: [
                                        1,
                                        2
                                    ]
                                }
                            }
                        ),
                        len: 528,
                        offset: None,
                        _data: PhantomData
                    }
                )
            )
        }
    ),
    matrix: [
        1.0,
        0.0,
        0.0,
        0.0,
        0.0,
        1.0,
        0.0,
        0.0,
        0.0,
        0.0,
        1.0,
        0.0,
        -10.6602545,
        -12.0,
        0.0,
        1.0
    ]
}