CompilationResult {
    code: [
        19,
        0,
        1,
        1,
        1,
        1,
        0,
        1,
        1,
        1,
        1,
        2,
        1,
        3,
        3,
        1,
        2,
        4,
        4,
        5,
        4,
        1,
        10,
        11,
        6,
        4,
        1,
        10,
        11,
        8,
        15,
        10,
        4,
        4,
        5,
        4,
        1,
        10,
        11,
        6,
        4,
        1,
        10,
        11,
        8,
        15,
        10,
        4,
        5,
        8,
        16,
        12,
        20
    ],
    constants: [
        0.33333334,
        0.0,
        1.0,
        -12.0,
        10.0,
        4.0
    ],
    max_stack: 6,
    transform_depth: 2,
    buffers: []
}