CompilationResult {
    code: [
        19,
        0,
        1,
        1,
        1,
        1,
        0,
        1,
        1,
        1,
        1,
        0,
        1,
        2,
        3,
        1,
        0,
        4,
        4,
        5,
        4,
        5,
        10,
        11,
        6,
        4,
        5,
        10,
        11,
        8,
        15,
        10,
        19,
        6,
        7,
        1,
        1,
        8,
        6,
        1,
        1,
        1,
        1,
        0,
        1,
        9,
        10,
        1,
        0,
        17,
        1,
        1,
        5,
        1,
        17,
        5,
        1,
        5,
        5,
        17,
        5,
        5,
        1,
        5,
        17,
        1,
        5,
        1,
        1,
        18,
        4,
        20,
        13,
        20
    ],
    constants: [
        1.0,
        0.0,
        -6.1421347,
        0.9261173,
        5.0,
        10.0,
        0.7073883,
        0.7068252,
        -0.7068252,
        9.9943695,
        -4.1421347
    ],
    max_stack: 9,
    transform_depth: 3,
    buffers: []
}