CompilationResult {
    code: [
        19,
        0,
        1,
        1,
        1,
        1,
        0,
        1,
        1,
        1,
        1,
        0,
        1,
        2,
        3,
        1,
        0,
        0,
        20
    ],
    constants: [
        1.0,
        0.0,
        -20.784609,
        -13.0
    ],
    max_stack: 1,
    transform_depth: 1,
    buffers: [
        Buffer {
            width: 42,
            height: 36,
            depth: 1,
            kind: Opencl(
                OpenclBuffer(
                    Buffer {
                        obj_core: Mem(
                            0x00007f9479032ab0
                        ),
                        queue: Some(
                            Queue {
                                obj_core: CommandQueue(
                                    0x00007f947904bb10
                                ),
                                device_version: OpenclVersion {
                                    ver: [
                                        1,
                                        2
                                    ]
                                }
                            }
                        ),
                        len: 1512,
                        offset: None,
                        _data: PhantomData
                    }
                )
            )
        }
    ]
}