28 line segments

Line Segment 0 
16 points
Clockwise? false
(2.0,69.53623)
(3.0,69.525185)
(4.0,69.00448)
(4.013086,69.0)
(4.2840824,68.0)
(4.0,67.48305)
(3.827086,67.0)
(3.384573,66.0)
(3.0,65.43044)
(2.0,65.38773)
(1.0,65.740715)
(0.78753865,66.0)
(0.93738675,67.0)
(1.0,67.11582)
(1.3324696,68.0)
(1.7069744,69.0)

Line Segment 1 
18 points
Clockwise? true
(28.272192,86.0)
(28.06021,85.0)
(28.0,84.47415)
(27.920523,84.0)
(28.0,83.78095)
(28.257252,83.0)
(29.0,82.38057)
(29.665764,82.0)
(30.0,81.6319)
(31.0,81.46423)
(31.188452,82.0)
(31.288467,83.0)
(31.142607,84.0)
(31.0,84.89722)
(30.98177,85.0)
(30.753729,86.0)
(30.0,86.65376)
(29.0,86.66903)

Line Segment 2 
154 points
Clockwise? false
(16.0,20.756525)
(16.245695,20.0)
(16.252363,19.0)
(16.453222,18.0)
(17.0,17.337702)
(17.484144,17.0)
(18.0,16.395355)
(19.0,16.112724)
(19.400255,17.0)
(19.438442,18.0)
(19.298204,19.0)
(19.151907,20.0)
(19.0,20.72388)
(18.869183,21.0)
(18.0,21.554316)
(17.0,21.673443)
(16.606411,22.0)
(16.265453,23.0)
(16.769644,24.0)
(17.0,24.068916)
(18.0,24.587536)
(18.833895,25.0)
(19.0,25.15186)
(20.0,25.344099)
(20.118889,25.0)
(20.398981,24.0)
(20.905888,23.0)
(21.0,22.928522)
(22.0,22.891052)
(22.489405,23.0)
(23.0,23.089287)
(24.0,23.27734)
(25.0,23.354118)
(25.745977,23.0)
(25.746368,22.0)
(25.0,21.087397)
(24.907692,21.0)
(24.0,20.665417)
(23.0,20.299364)
(22.624245,20.0)
(22.23176,19.0)
(22.563272,18.0)
(23.0,17.770948)
(24.0,17.790545)
(25.0,17.84617)
(26.0,17.887142)
(27.0,17.351974)
(27.234522,17.0)
(28.0,16.38116)
(29.0,16.39481)
(30.0,16.446161)
(31.0,16.498983)
(32.0,16.541239)
(32.625835,17.0)
(32.133907,18.0)
(32.0,18.158943)
(31.479727,19.0)
(31.0,19.614988)
(30.206459,20.0)
(30.0,20.142946)
(29.0,20.799986)
(28.844574,21.0)
(28.135054,22.0)
(28.0,22.235239)
(27.349302,23.0)
(27.416487,24.0)
(27.99458,25.0)
(27.65917,26.0)
(27.0,26.842077)
(26.887396,27.0)
(26.166773,28.0)
(26.0,28.27811)
(25.0,28.961075)
(24.924227,29.0)
(24.0,29.353056)
(23.0,29.464817)
(22.454185,29.0)
(22.0,28.663885)
(21.301258,28.0)
(21.0,27.630388)
(20.0,27.048988)
(19.397495,28.0)
(19.53344,29.0)
(19.576267,30.0)
(19.0,30.945446)
(18.960636,31.0)
(18.004448,32.0)
(18.0,32.010685)
(17.0,32.400715)
(16.445898,32.0)
(16.339622,31.0)
(16.414875,30.0)
(16.49418,29.0)
(16.526085,28.0)
(16.176662,27.0)
(16.0,26.639154)
(15.841652,26.0)
(15.744917,25.0)
(15.583636,24.0)
(15.0,23.759739)
(14.0,23.599636)
(13.0,23.84007)
(12.8189335,24.0)
(12.594659,25.0)
(12.569148,26.0)
(12.543385,27.0)
(12.553015,28.0)
(13.0,28.740417)
(13.11081,29.0)
(13.564127,30.0)
(14.0,30.96697)
(14.021391,31.0)
(14.649746,32.0)
(15.0,32.711765)
(15.251991,33.0)
(15.186459,34.0)
(15.02507,35.0)
(15.0,35.175533)
(14.858087,36.0)
(14.0,36.989426)
(13.0,36.962406)
(12.083005,36.0)
(12.0,35.639088)
(11.833597,35.0)
(11.437053,34.0)
(11.095457,33.0)
(11.115718,32.0)
(11.201693,31.0)
(11.286594,30.0)
(11.1699705,29.0)
(11.0,28.86379)
(10.0,28.044083)
(9.890224,28.0)
(9.423699,27.0)
(9.263725,26.0)
(9.0,25.60848)
(8.0,25.170357)
(7.5161753,25.0)
(7.0,24.816446)
(6.278099,24.0)
(6.047256,23.0)
(6.9882555,22.0)
(7.0,21.998075)
(7.0417953,22.0)
(8.0,22.029684)
(9.0,22.088753)
(10.0,22.138529)
(10.701821,22.0)
(11.0,21.856777)
(11.581599,21.0)
(12.0,20.47967)
(13.0,20.472153)
(14.0,20.643278)
(15.0,20.818193)

Line Segment 3 
32 points
Clockwise? false
(60.0,66.60962)
(60.337852,67.0)
(61.0,67.88167)
(61.09181,68.0)
(61.04778,69.0)
(61.0,69.09809)
(60.0,69.46665)
(59.0,69.529144)
(58.0,69.14405)
(57.94451,69.0)
(57.308716,68.0)
(57.0,67.40123)
(56.0,67.43434)
(55.35867,68.0)
(55.0,68.21265)
(54.0,68.84844)
(53.088688,69.0)
(53.0,69.01922)
(52.979107,69.0)
(52.04646,68.0)
(52.17793,67.0)
(53.0,66.58998)
(53.74379,66.0)
(54.0,65.84751)
(55.0,65.93893)
(55.13564,66.0)
(56.0,66.72491)
(57.0,66.819725)
(58.0,66.062416)
(58.184406,66.0)
(59.0,65.71918)
(59.33374,66.0)

Line Segment 4 
156 points
Clockwise? false
(71.13887,56.0)
(71.250145,57.0)
(71.610756,58.0)
(72.0,58.569874)
(72.26193,59.0)
(72.88908,60.0)
(73.0,60.177635)
(74.0,60.114586)
(74.1773,60.0)
(74.684166,59.0)
(74.87047,58.0)
(75.0,57.77702)
(76.0,57.30882)
(77.0,57.350994)
(78.0,57.40317)
(79.0,57.483788)
(79.83103,58.0)
(79.72992,59.0)
(79.0,59.77225)
(78.78007,60.0)
(78.0,60.57242)
(77.0,60.865536)
(76.68858,61.0)
(76.14512,62.0)
(76.0,62.422646)
(75.81681,63.0)
(75.524,64.0)
(75.51098,65.0)
(75.72733,66.0)
(75.202805,67.0)
(75.0,67.20049)
(74.44645,68.0)
(74.0,68.68052)
(73.6314,69.0)
(73.0,69.455284)
(72.0,69.320946)
(71.0,69.135315)
(70.0,69.217865)
(69.0,69.32992)
(68.0,69.43726)
(67.0,69.21823)
(66.86645,69.0)
(66.37317,68.0)
(66.102425,67.0)
(66.0,66.77272)
(65.70147,66.0)
(65.23639,65.0)
(65.0,64.42023)
(64.7259,64.0)
(64.19909,63.0)
(64.0,62.74084)
(63.0,62.207607)
(62.668987,62.0)
(62.0,61.750423)
(61.0,61.33538)
(60.172398,61.0)
(60.034805,60.0)
(60.532608,59.0)
(60.71078,58.0)
(60.852596,57.0)
(61.0,56.751823)
(62.0,56.393875)
(63.0,56.339893)
(64.0,56.289417)
(65.0,56.35069)
(65.714355,57.0)
(65.188545,58.0)
(65.0,58.30506)
(64.59409,59.0)
(64.51313,60.0)
(65.0,60.422474)
(66.0,60.346626)
(67.0,60.16373)
(67.87734,60.0)
(68.0,59.965073)
(69.0,59.188553)
(69.0945,59.0)
(69.0,58.511787)
(68.89983,58.0)
(68.0,57.191)
(67.664505,57.0)
(67.27999,56.0)
(68.0,55.24731)
(68.193115,55.0)
(69.0,54.04052)
(69.08279,54.0)
(69.344536,53.0)
(69.0,52.864315)
(68.0,52.348484)
(67.0,52.571095)
(66.459015,53.0)
(66.0,53.398895)
(65.0,53.53833)
(64.22456,53.0)
(64.06388,52.0)
(64.43554,51.0)
(64.79039,50.0)
(64.43671,49.0)
(64.0,48.680378)
(63.0,48.63302)
(62.8184,49.0)
(62.0,49.81205)
(61.70205,50.0)
(61.0,50.319782)
(60.0,50.38442)
(59.0,50.726303)
(58.471275,50.0)
(58.310585,49.0)
(58.303043,48.0)
(59.0,47.192802)
(60.0,47.207607)
(61.0,47.261806)
(62.0,47.316837)
(62.776905,47.0)
(63.0,46.790184)
(63.641605,46.0)
(64.0,45.746876)
(65.0,45.747543)
(66.0,45.802856)
(67.0,45.856422)
(68.0,45.852013)
(68.98086,46.0)
(68.59997,47.0)
(68.28441,48.0)
(68.42566,49.0)
(69.0,49.304546)
(70.0,49.827896)
(70.395546,50.0)
(71.0,50.36325)
(71.883415,50.0)
(72.0,49.898613)
(72.274956,49.0)
(73.0,48.255913)
(74.0,48.219517)
(75.0,48.27261)
(76.0,48.325188)
(77.0,48.3727)
(78.0,48.856274)
(78.08795,49.0)
(79.0,49.783188)
(79.32417,50.0)
(79.59364,51.0)
(79.0,51.725937)
(78.82326,52.0)
(78.114426,53.0)
(78.0,53.11466)
(77.0,53.59412)
(76.0,53.86494)
(75.0,53.853046)
(74.0,53.626938)
(73.0,53.384506)
(72.0,53.15665)
(71.0,53.315144)
(70.56554,54.0)
(70.90354,55.0)
(71.0,55.34908)

Line Segment 5 
34 points
Clockwise? false
(36.06887,73.0)
(36.641823,74.0)
(37.0,74.59149)
(37.393494,75.0)
(37.588985,76.0)
(37.657692,77.0)
(37.739716,78.0)
(37.81261,79.0)
(37.0,79.88355)
(36.0,79.838)
(35.0,79.298836)
(34.607544,79.0)
(34.0,78.09558)
(33.0,78.590515)
(32.630177,79.0)
(32.0,79.62952)
(31.41674,80.0)
(31.0,80.61404)
(30.547047,80.0)
(30.0,79.54201)
(29.601461,79.0)
(30.0,78.26941)
(30.10568,78.0)
(30.918415,77.0)
(31.0,76.84157)
(31.976107,76.0)
(32.0,75.97758)
(33.0,75.35942)
(33.211044,75.0)
(33.79843,74.0)
(34.0,73.65735)
(34.46493,73.0)
(35.0,72.286224)
(36.0,72.836815)

Line Segment 6 
34 points
Clockwise? true
(54.040936,56.0)
(54.0,55.765644)
(53.90219,55.0)
(53.874096,54.0)
(53.84499,53.0)
(53.760612,52.0)
(53.0,51.092297)
(52.0,51.31979)
(51.635025,52.0)
(51.0,52.577175)
(50.0,52.91496)
(49.0,52.571938)
(48.0,52.278572)
(47.0,52.79818)
(46.944458,53.0)
(46.43358,54.0)
(46.41672,55.0)
(47.0,55.48926)
(48.0,55.421)
(49.0,55.24477)
(50.0,55.1042)
(51.0,55.75983)
(51.20076,56.0)
(51.370052,57.0)
(51.27603,58.0)
(52.0,58.72337)
(52.2951,59.0)
(53.0,59.58473)
(53.952614,60.0)
(54.0,60.018562)
(54.025043,60.0)
(54.768738,59.0)
(54.59237,58.0)
(54.353928,57.0)

Line Segment 7 
14 points
Clockwise? false
(98.38205,62.0)
(98.182755,61.0)
(98.0,60.447456)
(97.0,60.271618)
(96.22973,61.0)
(96.0,61.27292)
(95.675964,62.0)
(95.212944,63.0)
(95.1133,64.0)
(96.0,64.707054)
(97.0,64.59409)
(97.47987,64.0)
(98.0,63.3966)
(98.29181,63.0)

Line Segment 8 
52 points
Clockwise? false
(29.42888,36.0)
(29.0,36.629646)
(28.645416,37.0)
(28.0,37.76027)
(27.420362,38.0)
(27.0,38.31534)
(26.354416,38.0)
(26.0,37.94319)
(25.0,37.67429)
(24.0,37.431984)
(23.0,37.19191)
(22.0,37.201607)
(21.26487,38.0)
(21.523712,39.0)
(21.843681,40.0)
(21.0,40.786175)
(20.715225,41.0)
(20.0,41.366173)
(19.0,41.476097)
(18.01374,41.0)
(18.0,40.88911)
(17.85151,40.0)
(18.0,39.911137)
(18.727198,39.0)
(19.0,38.685745)
(19.675343,38.0)
(19.537884,37.0)
(19.0,36.70903)
(18.38986,36.0)
(18.068851,35.0)
(18.353317,34.0)
(19.0,33.67213)
(20.0,33.614395)
(21.0,33.562523)
(22.0,33.527977)
(23.0,33.627956)
(24.0,33.580345)
(24.789469,33.0)
(25.0,32.834938)
(25.705051,32.0)
(26.0,31.602991)
(26.723392,31.0)
(27.0,30.700127)
(27.75464,31.0)
(28.0,31.217972)
(28.141357,32.0)
(28.644646,33.0)
(29.0,33.372086)
(29.884157,34.0)
(30.0,34.49121)
(30.16094,35.0)
(30.0,35.140488)

Line Segment 9 
36 points
Clockwise? false
(4.19287,91.0)
(5.0,91.623314)
(5.5440454,92.0)
(6.0,92.94232)
(6.0175896,93.0)
(6.0,93.09859)
(5.8542795,94.0)
(6.0,94.32347)
(6.332266,95.0)
(7.0,95.49529)
(8.0,95.421005)
(9.0,95.24477)
(10.0,95.107666)
(10.979355,96.0)
(10.605863,97.0)
(10.0285845,98.0)
(10.0,98.0962)
(9.0,98.19152)
(8.649689,98.0)
(8.0,97.72286)
(7.0,97.404236)
(6.0,97.81145)
(5.7576265,98.0)
(5.0,98.756584)
(4.0,98.96431)
(3.572481,98.0)
(3.4230418,97.0)
(3.2823107,96.0)
(3.134768,95.0)
(3.0,94.38597)
(2.9380848,94.0)
(2.8089373,93.0)
(2.6864064,92.0)
(2.6886551,91.0)
(3.0,90.60069)
(4.0,90.79869)

Line Segment 10 
14 points
Clockwise? true
(87.36261,11.0)
(87.08702,10.0)
(87.0,9.79217)
(86.0,9.006363)
(85.0,9.008028)
(84.24199,10.0)
(84.59107,11.0)
(84.980484,12.0)
(85.0,12.063653)
(85.6771,13.0)
(86.0,13.153065)
(86.485664,13.0)
(87.0,12.802182)
(87.57551,12.0)

Line Segment 11 
80 points
Clockwise? false
(44.0,17.342688)
(43.58676,17.0)
(43.0,16.431946)
(42.0,16.485798)
(41.257034,17.0)
(41.37018,18.0)
(41.716106,19.0)
(42.0,19.92203)
(42.119415,20.0)
(42.0,20.16626)
(41.0,20.836855)
(40.749763,21.0)
(40.0,21.364395)
(39.0,21.412867)
(38.27938,21.0)
(38.200275,20.0)
(38.76793,19.0)
(39.0,18.606182)
(39.430355,18.0)
(39.816185,17.0)
(39.45775,16.0)
(39.440437,15.0)
(40.0,14.121741)
(40.055298,14.0)
(40.647297,13.0)
(41.0,12.159807)
(42.0,12.063034)
(42.366207,13.0)
(43.0,13.966019)
(43.033886,14.0)
(44.0,14.764952)
(45.0,14.438889)
(45.309135,14.0)
(45.467842,13.0)
(45.546947,12.0)
(45.63514,11.0)
(46.0,10.354367)
(47.0,10.086886)
(48.0,10.707183)
(48.18782,11.0)
(48.54555,12.0)
(49.0,12.881842)
(49.25748,13.0)
(50.0,13.326114)
(51.0,13.250992)
(51.961,14.0)
(51.2982,15.0)
(51.0,15.249329)
(50.0,15.758133)
(49.51428,16.0)
(49.0,16.237062)
(48.0,16.693125)
(47.603283,17.0)
(47.09682,18.0)
(47.0,18.503807)
(46.663956,19.0)
(47.0,19.327324)
(47.189117,20.0)
(47.766987,21.0)
(48.0,21.368309)
(48.421253,22.0)
(48.999645,23.0)
(48.0,23.625305)
(47.0,23.508844)
(46.0,23.522516)
(45.033615,24.0)
(45.0,24.023588)
(44.0,24.745016)
(43.12011,24.0)
(43.0,23.791506)
(42.783077,23.0)
(42.494415,22.0)
(42.17708,21.0)
(43.0,20.24037)
(44.0,20.104963)
(44.64491,20.0)
(45.0,19.803843)
(45.668568,19.0)
(45.0,18.410664)
(44.722305,18.0)

Line Segment 12 
16 points
Clockwise? true
(47.243107,65.0)
(47.0,64.71719)
(46.759926,65.0)
(46.0,65.603195)
(45.58422,66.0)
(45.0,66.669304)
(44.026875,67.0)
(45.0,67.5335)
(45.30113,68.0)
(46.0,68.32861)
(47.0,68.25774)
(47.324753,68.0)
(48.0,67.356384)
(48.339127,67.0)
(48.21322,66.0)
(48.0,65.59437)

Line Segment 13 
16 points
Clockwise? false
(5.0,44.06102)
(5.0869465,44.0)
(5.4196024,43.0)
(5.2655997,42.0)
(5.028624,41.0)
(5.0,40.887203)
(4.0,40.387543)
(3.0,40.432613)
(2.0363107,41.0)
(2.0,41.213474)
(1.8336315,42.0)
(2.0,42.130665)
(2.9676118,43.0)
(3.0,43.02364)
(4.0,43.814064)
(4.7630625,44.0)

Line Segment 14 
16 points
Clockwise? false
(51.420444,18.0)
(52.0,17.366617)
(53.0,17.30019)
(54.0,17.817589)
(54.274204,18.0)
(54.16179,19.0)
(54.0,19.145353)
(53.137154,20.0)
(53.0,20.145016)
(52.00744,21.0)
(52.0,21.009169)
(51.976753,21.0)
(51.0,20.634134)
(50.703293,20.0)
(50.648956,19.0)
(51.0,18.51742)

Line Segment 15 
26 points
Clockwise? true
(45.0,76.26864)
(44.0,76.34131)
(43.0,76.34027)
(42.0,76.34006)
(41.0,76.17897)
(40.718613,76.0)
(40.0,75.45198)
(39.297577,75.0)
(39.0,74.38992)
(38.818535,74.0)
(39.0,73.27253)
(39.041092,73.0)
(39.267136,72.0)
(39.493313,71.0)
(40.0,70.003204)
(41.0,70.095985)
(42.0,70.372154)
(42.253017,71.0)
(42.105545,72.0)
(42.636017,73.0)
(43.0,73.18973)
(44.0,73.503876)
(45.0,73.89017)
(45.47847,74.0)
(45.851086,75.0)
(45.339172,76.0)

Line Segment 16 
16 points
Clockwise? false
(41.266838,59.0)
(41.0,59.379627)
(40.463425,60.0)
(40.0,60.315033)
(39.0,60.65912)
(38.288624,60.0)
(38.15363,59.0)
(38.124386,58.0)
(38.097664,57.0)
(38.09746,56.0)
(39.0,55.141766)
(40.0,55.636276)
(40.23635,56.0)
(40.706898,57.0)
(41.0,57.830887)
(41.08362,58.0)

Line Segment 17 
16 points
Clockwise? false
(81.70313,70.0)
(81.13784,71.0)
(81.10813,72.0)
(81.02627,73.0)
(81.0,73.01381)
(80.0,73.223785)
(79.5565,73.0)
(79.0,72.64214)
(78.59547,72.0)
(78.0,71.16183)
(77.842834,71.0)
(77.4819,70.0)
(78.0,69.42061)
(79.0,69.3321)
(80.0,69.42707)
(81.0,69.59408)

Line Segment 18 
38 points
Clockwise? false
(40.731606,47.0)
(40.38672,46.0)
(41.0,45.256123)
(41.47343,45.0)
(42.0,44.78175)
(42.567898,44.0)
(42.4456,43.0)
(42.30427,42.0)
(42.164066,41.0)
(42.230927,40.0)
(43.0,39.78975)
(44.0,39.93868)
(44.16147,40.0)
(45.0,40.5674)
(45.301685,41.0)
(45.468117,42.0)
(45.401596,43.0)
(45.0,43.711018)
(44.753067,44.0)
(44.149662,45.0)
(45.0,45.730724)
(45.54578,46.0)
(46.0,46.140625)
(47.0,46.480846)
(48.0,46.99511)
(48.004356,47.0)
(48.0,47.046497)
(47.931652,48.0)
(47.0,48.99351)
(46.0,48.676888)
(45.0,48.39443)
(44.0,48.398163)
(43.0,48.97161)
(42.924034,49.0)
(42.0,49.689133)
(41.43732,49.0)
(41.05339,48.0)
(41.0,47.840405)

Line Segment 19 
14 points
Clockwise? false
(8.977416,14.0)
(8.683628,13.0)
(8.004604,12.0)
(8.0,11.990833)
(7.9722123,12.0)
(7.0,12.248365)
(6.2572207,13.0)
(6.0,13.270763)
(5.0686865,14.0)
(5.6499405,15.0)
(6.0,15.135862)
(7.0,15.364065)
(7.6812935,15.0)
(8.0,14.757044)

Line Segment 20 
12 points
Clockwise? true
(13.358959,3.0)
(14.0,3.3102252)
(15.0,3.7190259)
(16.0,3.3173387)
(16.300985,3.0)
(16.932251,2.0)
(16.802423,1.0)
(16.0,0.09869814)
(15.0,0.58157593)
(14.425644,1.0)
(14.0,1.3006084)
(13.0009985,2.0)

Line Segment 21 
14 points
Clockwise? true
(47.0,58.33886)
(46.471325,59.0)
(46.87456,60.0)
(47.0,60.169746)
(47.503315,61.0)
(48.0,61.816784)
(49.0,61.90238)
(50.0,61.093475)
(50.047657,61.0)
(50.0,60.346058)
(49.980984,60.0)
(49.804234,59.0)
(49.0,58.542664)
(48.0,58.334503)

Line Segment 22 
16 points
Clockwise? false
(86.28891,27.0)
(86.126945,28.0)
(86.0,28.063578)
(85.0,28.179356)
(84.08904,28.0)
(84.0,27.975428)
(83.33253,27.0)
(83.07507,26.0)
(83.0,25.234528)
(82.94978,25.0)
(83.0,24.950861)
(84.0,24.283438)
(85.0,24.150629)
(85.48148,25.0)
(85.867455,26.0)
(86.0,26.388697)

Line Segment 23 
14 points
Clockwise? true
(72.75488,62.0)
(72.0,61.32554)
(71.0,61.493847)
(70.23507,62.0)
(70.30595,63.0)
(70.6667,64.0)
(71.0,64.88605)
(71.070496,65.0)
(72.0,65.88879)
(73.0,65.43545)
(73.52072,65.0)
(73.60999,64.0)
(73.24479,63.0)
(73.0,62.36474)

Line Segment 24 
32 points
Clockwise? false
(32.044266,90.0)
(32.274998,89.0)
(33.0,88.25821)
(34.0,88.21953)
(35.0,88.272606)
(36.0,88.32319)
(37.0,88.31813)
(38.0,88.3717)
(39.0,88.911446)
(39.092506,89.0)
(40.0,89.36923)
(41.0,89.958786)
(41.078304,90.0)
(41.43228,91.0)
(41.0,91.796135)
(40.611897,92.0)
(40.0,92.109795)
(39.0,92.11371)
(38.0,92.114105)
(37.0,92.20179)
(36.37842,93.0)
(36.27648,94.0)
(36.0,94.601814)
(35.484516,95.0)
(35.0,95.227066)
(34.0,95.07503)
(33.96374,95.0)
(33.646034,94.0)
(33.364777,93.0)
(33.057896,92.0)
(33.0,91.892296)
(32.17117,91.0)

Line Segment 25 
22 points
Clockwise? true
(22.49444,42.0)
(22.209215,41.0)
(23.0,40.4999)
(24.0,40.431496)
(25.0,40.339024)
(25.858328,40.0)
(26.0,39.85426)
(27.0,39.673088)
(27.140799,40.0)
(27.76697,41.0)
(28.0,41.36831)
(28.418947,42.0)
(28.850798,43.0)
(28.0,43.835957)
(27.0,43.662777)
(26.0,43.640247)
(25.2396,44.0)
(25.0,44.14915)
(24.0,44.78244)
(23.120552,44.0)
(23.0,43.783764)
(22.783077,43.0)

Line Segment 26 
16 points
Clockwise? false
(34.0,12.171305)
(35.0,12.034587)
(36.0,12.852539)
(36.161648,13.0)
(36.07367,14.0)
(36.0,14.058117)
(35.04496,15.0)
(35.0,15.042831)
(34.0,15.981771)
(33.92488,16.0)
(33.0,16.444439)
(32.71154,16.0)
(32.555676,15.0)
(32.534084,14.0)
(33.0,13.266436)
(33.24747,13.0)

Line Segment 27 
14 points
Clockwise? false
(33.0,37.58375)
(33.83104,38.0)
(34.0,38.55518)
(34.158398,39.0)
(34.0,39.14296)
(33.13715,40.0)
(33.0,40.14461)
(32.0,40.994965)
(31.0,40.629456)
(30.697924,40.0)
(30.531248,39.0)
(31.0,38.369583)
(31.316227,38.0)
(32.0,37.47322)
