Serially(
    [
        Define(
            0,
            BasicShape(
                Transform(
                    Intersection(
                        [
                            Terminal(
                                Circle(
                                    Circle {
                                        x: 10.0,
                                        y: 10.0,
                                        r: 10.0
                                    }
                                )
                            ),
                            Not(
                                Terminal(
                                    Circle(
                                        Circle {
                                            x: 10.0,
                                            y: 10.0,
                                            r: 6.0
                                        }
                                    )
                                )
                            )
                        ]
                    ),
                    [
                        3.0,
                        0.0,
                        0.0,
                        3.0,
                        6.0,
                        6.0
                    ]
                )
            )
        ),
        Export(
            0
        )
    ]
)