Transform {
    target: Max(
        [
            DistToPoly(
                [
                    (
                        0.0,
                        0.0,
                        20.0,
                        0.0
                    ),
                    (
                        20.0,
                        0.0,
                        20.0,
                        20.0
                    ),
                    (
                        20.0,
                        20.0,
                        0.0,
                        20.0
                    ),
                    (
                        0.0,
                        20.0,
                        0.0,
                        0.0
                    )
                ]
            ),
            Neg(
                DistToPoly(
                    [
                        (
                            5.0,
                            5.0,
                            15.0,
                            5.0
                        ),
                        (
                            15.0,
                            5.0,
                            15.0,
                            15.0
                        ),
                        (
                            15.0,
                            15.0,
                            5.0,
                            15.0
                        ),
                        (
                            5.0,
                            15.0,
                            5.0,
                            5.0
                        )
                    ]
                )
            )
        ]
    ),
    matrix: [
        1.0,
        0.0,
        0.0,
        0.0,
        0.0,
        1.0,
        0.0,
        0.0,
        0.0,
        0.0,
        1.0,
        0.0,
        -2.5,
        -2.5,
        0.0,
        1.0
    ]
}