CompilationResult {
    code: [
        19,
        0,
        1,
        1,
        1,
        1,
        0,
        1,
        1,
        1,
        1,
        0,
        1,
        2,
        2,
        1,
        0,
        17,
        1,
        1,
        3,
        1,
        17,
        3,
        1,
        3,
        3,
        17,
        3,
        3,
        1,
        3,
        17,
        1,
        3,
        1,
        1,
        18,
        4,
        17,
        4,
        4,
        5,
        4,
        17,
        5,
        4,
        5,
        5,
        17,
        5,
        5,
        4,
        5,
        17,
        4,
        5,
        4,
        4,
        18,
        4,
        16,
        12,
        20
    ],
    constants: [
        1.0,
        0.0,
        -2.5,
        20.0,
        5.0,
        15.0
    ],
    max_stack: 9,
    transform_depth: 2,
    buffers: []
}