Serially(
    [
        Serially(
            [
                Define(
                    0,
                    BasicShape(
                        Intersection(
                            [
                                Terminal(
                                    Circle(
                                        Circle {
                                            x: 11.0,
                                            y: 11.0,
                                            r: 10.0,
                                            mat: [
                                                1.0,
                                                0.0,
                                                0.0,
                                                1.0,
                                                -9.0,
                                                -9.0
                                            ]
                                        }
                                    )
                                ),
                                Terminal(
                                    Circle(
                                        Circle {
                                            x: 21.0,
                                            y: 21.0,
                                            r: 10.0,
                                            mat: [
                                                1.0,
                                                0.0,
                                                0.0,
                                                1.0,
                                                -9.0,
                                                -9.0
                                            ]
                                        }
                                    )
                                )
                            ]
                        )
                    )
                ),
                Freeze {
                    target: 0,
                    id: 1
                }
            ]
        ),
        Define(
            2,
            BasicShape(
                Terminal(
                    Field(
                        1
                    )
                )
            )
        ),
        Export(
            2
        )
    ]
)