CompilationResult {
    code: [
        19,
        0,
        1,
        1,
        1,
        1,
        0,
        1,
        1,
        1,
        1,
        0,
        1,
        2,
        3,
        1,
        0,
        0,
        4,
        4,
        8,
        20
    ],
    constants: [
        1.0,
        0.0,
        -24.0,
        -19.0,
        -45.0
    ],
    max_stack: 2,
    transform_depth: 1,
    buffers: [
        Buffer {
            width: 348,
            height: 288,
            depth: 1,
            kind: Opencl(
                OpenclBuffer(
                    Buffer {
                        obj_core: Mem(
                            0x00007f947904b950
                        ),
                        queue: Some(
                            Queue {
                                obj_core: CommandQueue(
                                    0x00007f9479220310
                                ),
                                device_version: OpenclVersion {
                                    ver: [
                                        1,
                                        2
                                    ]
                                }
                            }
                        ),
                        len: 100224,
                        offset: None,
                        _data: PhantomData
                    }
                )
            )
        }
    ]
}