CompilationResult {
    code: [
        19,
        0,
        1,
        1,
        1,
        1,
        0,
        1,
        1,
        1,
        1,
        0,
        1,
        2,
        2,
        1,
        0,
        4,
        3,
        5,
        4,
        3,
        10,
        11,
        6,
        4,
        3,
        10,
        11,
        8,
        15,
        10,
        4,
        4,
        5,
        4,
        3,
        10,
        11,
        6,
        4,
        3,
        10,
        11,
        8,
        15,
        10,
        16,
        12,
        20
    ],
    constants: [
        1.0,
        0.0,
        -2.0,
        10.0,
        6.0
    ],
    max_stack: 5,
    transform_depth: 2,
    buffers: []
}