Serially(
    [
        Define(
            0,
            BasicShape(
                Union(
                    [
                        Terminal(
                            Circle(
                                Circle {
                                    x: 11.0,
                                    y: 11.0,
                                    r: 10.0,
                                    mat: [I]
                                }
                            )
                        ),
                        Terminal(
                            Circle(
                                Circle {
                                    x: 21.0,
                                    y: 21.0,
                                    r: 10.0,
                                    mat: [I]
                                }
                            )
                        )
                    ]
                )
            )
        ),
        Export(
            0
        )
    ]
)