Translate {
    dx: 6.582576,
    dy: 6.582576,
    target: NodeRef {
        node: Or {
            children: [
                NodeRef {
                    node: Circle {
                        x: 0.0,
                        y: 0.0,
                        r: 0.0
                    }
                },
                NodeRef {
                    node: Circle {
                        x: 0.0,
                        y: 10.0,
                        r: 2.6457512
                    }
                },
                NodeRef {
                    node: Circle {
                        x: 0.0,
                        y: 20.0,
                        r: 3.1463463
                    }
                },
                NodeRef {
                    node: Circle {
                        x: 0.0,
                        y: 30.0,
                        r: 3.4820046
                    }
                },
                NodeRef {
                    node: Circle {
                        x: 0.0,
                        y: 40.0,
                        r: 3.7416575
                    }
                },
                NodeRef {
                    node: Circle {
                        x: 0.0,
                        y: 50.0,
                        r: 3.956321
                    }
                },
                NodeRef {
                    node: Circle {
                        x: 0.0,
                        y: 60.0,
                        r: 4.140825
                    }
                },
                NodeRef {
                    node: Circle {
                        x: 0.0,
                        y: 70.0,
                        r: 4.303517
                    }
                },
                NodeRef {
                    node: Circle {
                        x: 0.0,
                        y: 80.0,
                        r: 4.4496055
                    }
                },
                NodeRef {
                    node: Circle {
                        x: 0.0,
                        y: 90.0,
                        r: 4.582576
                    }
                },
                NodeRef {
                    node: Circle {
                        x: 10.0,
                        y: 0.0,
                        r: 2.6457512
                    }
                },
                NodeRef {
                    node: Circle {
                        x: 10.0,
                        y: 10.0,
                        r: 3.1463463
                    }
                },
                NodeRef {
                    node: Circle {
                        x: 10.0,
                        y: 20.0,
                        r: 3.4820046
                    }
                },
                NodeRef {
                    node: Circle {
                        x: 10.0,
                        y: 30.0,
                        r: 3.7416575
                    }
                },
                NodeRef {
                    node: Circle {
                        x: 10.0,
                        y: 40.0,
                        r: 3.956321
                    }
                },
                NodeRef {
                    node: Circle {
                        x: 10.0,
                        y: 50.0,
                        r: 4.140825
                    }
                },
                NodeRef {
                    node: Circle {
                        x: 10.0,
                        y: 60.0,
                        r: 4.303517
                    }
                },
                NodeRef {
                    node: Circle {
                        x: 10.0,
                        y: 70.0,
                        r: 4.4496055
                    }
                },
                NodeRef {
                    node: Circle {
                        x: 10.0,
                        y: 80.0,
                        r: 4.582576
                    }
                },
                NodeRef {
                    node: Circle {
                        x: 10.0,
                        y: 90.0,
                        r: 4.704885
                    }
                },
                NodeRef {
                    node: Circle {
                        x: 20.0,
                        y: 0.0,
                        r: 3.1463463
                    }
                },
                NodeRef {
                    node: Circle {
                        x: 20.0,
                        y: 10.0,
                        r: 3.4820046
                    }
                },
                NodeRef {
                    node: Circle {
                        x: 20.0,
                        y: 20.0,
                        r: 3.7416575
                    }
                },
                NodeRef {
                    node: Circle {
                        x: 20.0,
                        y: 30.0,
                        r: 3.956321
                    }
                },
                NodeRef {
                    node: Circle {
                        x: 20.0,
                        y: 40.0,
                        r: 4.140825
                    }
                },
                NodeRef {
                    node: Circle {
                        x: 20.0,
                        y: 50.0,
                        r: 4.303517
                    }
                },
                NodeRef {
                    node: Circle {
                        x: 20.0,
                        y: 60.0,
                        r: 4.4496055
                    }
                },
                NodeRef {
                    node: Circle {
                        x: 20.0,
                        y: 70.0,
                        r: 4.582576
                    }
                },
                NodeRef {
                    node: Circle {
                        x: 20.0,
                        y: 80.0,
                        r: 4.704885
                    }
                },
                NodeRef {
                    node: Circle {
                        x: 20.0,
                        y: 90.0,
                        r: 4.8183374
                    }
                },
                NodeRef {
                    node: Circle {
                        x: 30.0,
                        y: 0.0,
                        r: 3.4820046
                    }
                },
                NodeRef {
                    node: Circle {
                        x: 30.0,
                        y: 10.0,
                        r: 3.7416575
                    }
                },
                NodeRef {
                    node: Circle {
                        x: 30.0,
                        y: 20.0,
                        r: 3.956321
                    }
                },
                NodeRef {
                    node: Circle {
                        x: 30.0,
                        y: 30.0,
                        r: 4.140825
                    }
                },
                NodeRef {
                    node: Circle {
                        x: 30.0,
                        y: 40.0,
                        r: 4.303517
                    }
                },
                NodeRef {
                    node: Circle {
                        x: 30.0,
                        y: 50.0,
                        r: 4.4496055
                    }
                },
                NodeRef {
                    node: Circle {
                        x: 30.0,
                        y: 60.0,
                        r: 4.582576
                    }
                },
                NodeRef {
                    node: Circle {
                        x: 30.0,
                        y: 70.0,
                        r: 4.704885
                    }
                },
                NodeRef {
                    node: Circle {
                        x: 30.0,
                        y: 80.0,
                        r: 4.8183374
                    }
                },
                NodeRef {
                    node: Circle {
                        x: 30.0,
                        y: 90.0,
                        r: 4.9242983
                    }
                },
                NodeRef {
                    node: Circle {
                        x: 40.0,
                        y: 0.0,
                        r: 3.7416575
                    }
                },
                NodeRef {
                    node: Circle {
                        x: 40.0,
                        y: 10.0,
                        r: 3.956321
                    }
                },
                NodeRef {
                    node: Circle {
                        x: 40.0,
                        y: 20.0,
                        r: 4.140825
                    }
                },
                NodeRef {
                    node: Circle {
                        x: 40.0,
                        y: 30.0,
                        r: 4.303517
                    }
                },
                NodeRef {
                    node: Circle {
                        x: 40.0,
                        y: 40.0,
                        r: 4.4496055
                    }
                },
                NodeRef {
                    node: Circle {
                        x: 40.0,
                        y: 50.0,
                        r: 4.582576
                    }
                },
                NodeRef {
                    node: Circle {
                        x: 40.0,
                        y: 60.0,
                        r: 4.704885
                    }
                },
                NodeRef {
                    node: Circle {
                        x: 40.0,
                        y: 70.0,
                        r: 4.8183374
                    }
                },
                NodeRef {
                    node: Circle {
                        x: 40.0,
                        y: 80.0,
                        r: 4.9242983
                    }
                },
                NodeRef {
                    node: Circle {
                        x: 40.0,
                        y: 90.0,
                        r: 5.023829
                    }
                },
                NodeRef {
                    node: Circle {
                        x: 50.0,
                        y: 0.0,
                        r: 3.956321
                    }
                },
                NodeRef {
                    node: Circle {
                        x: 50.0,
                        y: 10.0,
                        r: 4.140825
                    }
                },
                NodeRef {
                    node: Circle {
                        x: 50.0,
                        y: 20.0,
                        r: 4.303517
                    }
                },
                NodeRef {
                    node: Circle {
                        x: 50.0,
                        y: 30.0,
                        r: 4.4496055
                    }
                },
                NodeRef {
                    node: Circle {
                        x: 50.0,
                        y: 40.0,
                        r: 4.582576
                    }
                },
                NodeRef {
                    node: Circle {
                        x: 50.0,
                        y: 50.0,
                        r: 4.704885
                    }
                },
                NodeRef {
                    node: Circle {
                        x: 50.0,
                        y: 60.0,
                        r: 4.8183374
                    }
                },
                NodeRef {
                    node: Circle {
                        x: 50.0,
                        y: 70.0,
                        r: 4.9242983
                    }
                },
                NodeRef {
                    node: Circle {
                        x: 50.0,
                        y: 80.0,
                        r: 5.023829
                    }
                },
                NodeRef {
                    node: Circle {
                        x: 50.0,
                        y: 90.0,
                        r: 5.117773
                    }
                },
                NodeRef {
                    node: Circle {
                        x: 60.0,
                        y: 0.0,
                        r: 4.140825
                    }
                },
                NodeRef {
                    node: Circle {
                        x: 60.0,
                        y: 10.0,
                        r: 4.303517
                    }
                },
                NodeRef {
                    node: Circle {
                        x: 60.0,
                        y: 20.0,
                        r: 4.4496055
                    }
                },
                NodeRef {
                    node: Circle {
                        x: 60.0,
                        y: 30.0,
                        r: 4.582576
                    }
                },
                NodeRef {
                    node: Circle {
                        x: 60.0,
                        y: 40.0,
                        r: 4.704885
                    }
                },
                NodeRef {
                    node: Circle {
                        x: 60.0,
                        y: 50.0,
                        r: 4.8183374
                    }
                },
                NodeRef {
                    node: Circle {
                        x: 60.0,
                        y: 60.0,
                        r: 4.9242983
                    }
                },
                NodeRef {
                    node: Circle {
                        x: 60.0,
                        y: 70.0,
                        r: 5.023829
                    }
                },
                NodeRef {
                    node: Circle {
                        x: 60.0,
                        y: 80.0,
                        r: 5.117773
                    }
                },
                NodeRef {
                    node: Circle {
                        x: 60.0,
                        y: 90.0,
                        r: 5.2068114
                    }
                },
                NodeRef {
                    node: Circle {
                        x: 70.0,
                        y: 0.0,
                        r: 4.303517
                    }
                },
                NodeRef {
                    node: Circle {
                        x: 70.0,
                        y: 10.0,
                        r: 4.4496055
                    }
                },
                NodeRef {
                    node: Circle {
                        x: 70.0,
                        y: 20.0,
                        r: 4.582576
                    }
                },
                NodeRef {
                    node: Circle {
                        x: 70.0,
                        y: 30.0,
                        r: 4.704885
                    }
                },
                NodeRef {
                    node: Circle {
                        x: 70.0,
                        y: 40.0,
                        r: 4.8183374
                    }
                },
                NodeRef {
                    node: Circle {
                        x: 70.0,
                        y: 50.0,
                        r: 4.9242983
                    }
                },
                NodeRef {
                    node: Circle {
                        x: 70.0,
                        y: 60.0,
                        r: 5.023829
                    }
                },
                NodeRef {
                    node: Circle {
                        x: 70.0,
                        y: 70.0,
                        r: 5.117773
                    }
                },
                NodeRef {
                    node: Circle {
                        x: 70.0,
                        y: 80.0,
                        r: 5.2068114
                    }
                },
                NodeRef {
                    node: Circle {
                        x: 70.0,
                        y: 90.0,
                        r: 5.2915025
                    }
                },
                NodeRef {
                    node: Circle {
                        x: 80.0,
                        y: 0.0,
                        r: 4.4496055
                    }
                },
                NodeRef {
                    node: Circle {
                        x: 80.0,
                        y: 10.0,
                        r: 4.582576
                    }
                },
                NodeRef {
                    node: Circle {
                        x: 80.0,
                        y: 20.0,
                        r: 4.704885
                    }
                },
                NodeRef {
                    node: Circle {
                        x: 80.0,
                        y: 30.0,
                        r: 4.8183374
                    }
                },
                NodeRef {
                    node: Circle {
                        x: 80.0,
                        y: 40.0,
                        r: 4.9242983
                    }
                },
                NodeRef {
                    node: Circle {
                        x: 80.0,
                        y: 50.0,
                        r: 5.023829
                    }
                },
                NodeRef {
                    node: Circle {
                        x: 80.0,
                        y: 60.0,
                        r: 5.117773
                    }
                },
                NodeRef {
                    node: Circle {
                        x: 80.0,
                        y: 70.0,
                        r: 5.2068114
                    }
                },
                NodeRef {
                    node: Circle {
                        x: 80.0,
                        y: 80.0,
                        r: 5.2915025
                    }
                },
                NodeRef {
                    node: Circle {
                        x: 80.0,
                        y: 90.0,
                        r: 5.372312
                    }
                },
                NodeRef {
                    node: Circle {
                        x: 90.0,
                        y: 0.0,
                        r: 4.582576
                    }
                },
                NodeRef {
                    node: Circle {
                        x: 90.0,
                        y: 10.0,
                        r: 4.704885
                    }
                },
                NodeRef {
                    node: Circle {
                        x: 90.0,
                        y: 20.0,
                        r: 4.8183374
                    }
                },
                NodeRef {
                    node: Circle {
                        x: 90.0,
                        y: 30.0,
                        r: 4.9242983
                    }
                },
                NodeRef {
                    node: Circle {
                        x: 90.0,
                        y: 40.0,
                        r: 5.023829
                    }
                },
                NodeRef {
                    node: Circle {
                        x: 90.0,
                        y: 50.0,
                        r: 5.117773
                    }
                },
                NodeRef {
                    node: Circle {
                        x: 90.0,
                        y: 60.0,
                        r: 5.2068114
                    }
                },
                NodeRef {
                    node: Circle {
                        x: 90.0,
                        y: 70.0,
                        r: 5.2915025
                    }
                },
                NodeRef {
                    node: Circle {
                        x: 90.0,
                        y: 80.0,
                        r: 5.372312
                    }
                },
                NodeRef {
                    node: Circle {
                        x: 90.0,
                        y: 90.0,
                        r: 5.4496317
                    }
                }
            ]
        }
    }
}