Modulate {
    how_much: -20.0,
    target: NodeRef {
        node: OtherGroup {
            group_id: GroupId(
                0
            )
        }
    }
}