Transform {
    target: Sub(
        Constant(
            5.0
        ),
        Sqrt(
            Add(
                [
                    Square(
                        Sub(
                            X,
                            Constant(
                                0.0
                            )
                        )
                    ),
                    Square(
                        Sub(
                            Y,
                            Constant(
                                0.0
                            )
                        )
                    )
                ]
            )
        )
    ),
    matrix: [
        1.0,
        0.0,
        0.0,
        0.0,
        0.0,
        1.0,
        0.0,
        0.0,
        0.0,
        0.0,
        1.0,
        0.0,
        -6.0,
        -6.0,
        0.0,
        1.0
    ]
}