108 line segments

Line Segment 0 
2 points
Clockwise? true
(14.0,1.8359776)
(15.0,1.6339862)

Line Segment 1 
2 points
Clockwise? false
(36.0,18.137556)
(35.0,18.592516)

Line Segment 2 
2 points
Clockwise? false
(5.0,16.255089)
(4.681036,16.0)

Line Segment 3 
2 points
Clockwise? false
(20.0,20.949848)
(19.0,20.886736)

Line Segment 4 
2 points
Clockwise? true
(34.0,3.0)
(35.0,3.4074845)

Line Segment 5 
2 points
Clockwise? true
(41.899727,10.0)
(42.0,11.0)

Line Segment 6 
2 points
Clockwise? true
(4.0,6.6617017)
(4.681036,6.0)

Line Segment 7 
2 points
Clockwise? true
(22.0,1.0)
(23.0,1.0125096)

Line Segment 8 
2 points
Clockwise? false
(30.0,20.164022)
(29.0,20.366014)

Line Segment 9 
2 points
Clockwise? false
(40.0,15.338299)
(39.318962,16.0)

Line Segment 10 
2 points
Clockwise? false
(2.100274,12.0)
(2.0,11.0)

Line Segment 11 
2 points
Clockwise? false
(17.0,20.68173)
(16.0,20.538208)

Line Segment 12 
2 points
Clockwise? true
(40.0,6.6617017)
(40.329353,7.0)

Line Segment 13 
2 points
Clockwise? true
(10.0,3.0)
(11.0,2.6523683)

Line Segment 14 
2 points
Clockwise? true
(2.9213796,8.0)
(3.0,7.8912044)

Line Segment 15 
2 points
Clockwise? true
(15.0,1.6339862)
(16.0,1.4617925)

Line Segment 16 
2 points
Clockwise? false
(36.279453,18.0)
(36.0,18.137556)

Line Segment 17 
2 points
Clockwise? false
(6.0,17.0)
(5.0,16.255089)

Line Segment 18 
2 points
Clockwise? false
(25.0,20.886736)
(24.0,20.949848)

Line Segment 19 
2 points
Clockwise? true
(31.0,2.070519)
(32.0,2.3430974)

Line Segment 20 
2 points
Clockwise? false
(42.0,11.0)
(41.899727,12.0)

Line Segment 21 
2 points
Clockwise? true
(7.720546,4.0)
(8.0,3.8624449)

Line Segment 22 
2 points
Clockwise? true
(23.0,1.0125096)
(24.0,1.0501516)

Line Segment 23 
2 points
Clockwise? false
(27.0,20.68173)
(26.0,20.79761)

Line Segment 24 
2 points
Clockwise? false
(40.329353,15.0)
(40.0,15.338299)

Line Segment 25 
2 points
Clockwise? false
(4.0,15.338299)
(3.670647,15.0)

Line Segment 26 
2 points
Clockwise? false
(18.0,20.79761)
(17.0,20.68173)

Line Segment 27 
2 points
Clockwise? true
(38.0,5.0)
(39.0,5.744911)

Line Segment 28 
2 points
Clockwise? true
(41.07862,8.0)
(41.59567,9.0)

Line Segment 29 
2 points
Clockwise? true
(3.0,7.8912044)
(3.670647,7.0)

Line Segment 30 
2 points
Clockwise? true
(13.0,2.070519)
(13.291901,2.0)

Line Segment 31 
2 points
Clockwise? false
(34.0,19.0)
(33.0,19.347631)

Line Segment 32 
2 points
Clockwise? false
(10.0,19.0)
(9.0,18.592516)

Line Segment 33 
2 points
Clockwise? false
(26.0,20.79761)
(25.0,20.886736)

Line Segment 34 
2 points
Clockwise? true
(32.0,2.3430974)
(33.0,2.6523683)

Line Segment 35 
2 points
Clockwise? true
(8.0,3.8624449)
(9.0,3.4074848)

Line Segment 36 
2 points
Clockwise? true
(20.0,1.0501516)
(21.0,1.0125096)

Line Segment 37 
2 points
Clockwise? false
(28.0,20.538208)
(27.0,20.68173)

Line Segment 38 
2 points
Clockwise? false
(4.681036,16.0)
(4.0,15.338299)

Line Segment 39 
2 points
Clockwise? false
(15.0,20.366014)
(14.0,20.164022)

Line Segment 40 
2 points
Clockwise? true
(39.0,5.744911)
(39.318962,6.0)

Line Segment 41 
2 points
Clockwise? true
(30.0,1.8359776)
(30.7081,2.0)

Line Segment 42 
2 points
Clockwise? true
(41.59567,9.0)
(41.899727,10.0)

Line Segment 43 
2 points
Clockwise? true
(2.100274,10.0)
(2.4043307,9.0)

Line Segment 44 
2 points
Clockwise? true
(13.291901,2.0)
(14.0,1.8359774)

Line Segment 45 
2 points
Clockwise? false
(35.0,18.592516)
(34.0,19.0)

Line Segment 46 
2 points
Clockwise? false
(11.0,19.347631)
(10.0,19.0)

Line Segment 47 
2 points
Clockwise? false
(23.0,20.98749)
(22.0,21.0)

Line Segment 48 
2 points
Clockwise? true
(36.279453,4.0)
(37.0,4.395966)

Line Segment 49 
2 points
Clockwise? true
(6.0,5.0)
(7.0,4.395966)

Line Segment 50 
2 points
Clockwise? true
(21.0,1.0125096)
(22.0,1.0)

Line Segment 51 
2 points
Clockwise? false
(32.0,19.656902)
(31.0,19.929482)

Line Segment 52 
2 points
Clockwise? false
(3.0,14.108796)
(2.9213796,14.0)

Line Segment 53 
2 points
Clockwise? false
(16.0,20.538208)
(15.0,20.366014)

Line Segment 54 
2 points
Clockwise? true
(30.7081,2.0)
(31.0,2.070519)

Line Segment 55 
2 points
Clockwise? true
(40.329353,7.0)
(41.0,7.8912044)

Line Segment 56 
2 points
Clockwise? true
(2.4043307,9.0)
(2.9213796,8.0)

Line Segment 57 
2 points
Clockwise? true
(18.0,1.2023916)
(19.0,1.1132642)

Line Segment 58 
2 points
Clockwise? false
(39.0,16.255089)
(38.0,17.0)

Line Segment 59 
2 points
Clockwise? false
(8.0,18.137556)
(7.720546,18.0)

Line Segment 60 
2 points
Clockwise? false
(24.0,20.949848)
(23.0,20.98749)

Line Segment 61 
2 points
Clockwise? false
(13.291901,20.0)
(13.0,19.929482)

Line Segment 62 
2 points
Clockwise? true
(37.0,4.395966)
(38.0,5.0)

Line Segment 63 
2 points
Clockwise? true
(7.0,4.395966)
(7.720546,4.0)

Line Segment 64 
2 points
Clockwise? true
(26.0,1.2023916)
(27.0,1.318269)

Line Segment 65 
2 points
Clockwise? false
(33.0,19.347631)
(32.0,19.656902)

Line Segment 66 
2 points
Clockwise? false
(41.59567,13.0)
(41.07862,14.0)

Line Segment 67 
2 points
Clockwise? false
(3.670647,15.0)
(3.0,14.108796)

Line Segment 68 
2 points
Clockwise? false
(21.0,20.98749)
(20.0,20.949848)

Line Segment 69 
2 points
Clockwise? true
(28.0,1.4617925)
(29.0,1.6339862)

Line Segment 70 
2 points
Clockwise? true
(41.0,7.8912044)
(41.07862,8.0)

Line Segment 71 
2 points
Clockwise? true
(4.681036,6.0)
(5.0,5.744911)

Line Segment 72 
2 points
Clockwise? true
(19.0,1.1132642)
(20.0,1.0501516)

Line Segment 73 
2 points
Clockwise? false
(39.318962,16.0)
(39.0,16.255089)

Line Segment 74 
2 points
Clockwise? false
(9.0,18.592516)
(8.0,18.137556)

Line Segment 75 
2 points
Clockwise? false
(2.4043307,13.0)
(2.100274,12.0)

Line Segment 76 
2 points
Clockwise? false
(14.0,20.164022)
(13.291901,20.0)

Line Segment 77 
2 points
Clockwise? true
(35.0,3.4074848)
(36.0,3.8624449)

Line Segment 78 
2 points
Clockwise? true
(11.0,2.6523683)
(12.0,2.3430974)

Line Segment 79 
2 points
Clockwise? true
(27.0,1.318269)
(28.0,1.4617925)

Line Segment 80 
2 points
Clockwise? false
(30.7081,20.0)
(30.0,20.164022)

Line Segment 81 
2 points
Clockwise? false
(41.899727,12.0)
(41.59567,13.0)

Line Segment 82 
2 points
Clockwise? false
(7.0,17.604034)
(6.0,17.0)

Line Segment 83 
2 points
Clockwise? false
(22.0,21.0)
(21.0,20.98749)

Line Segment 84 
2 points
Clockwise? true
(29.0,1.6339862)
(30.0,1.8359776)

Line Segment 85 
2 points
Clockwise? true
(5.0,5.744911)
(6.0,5.0)

Line Segment 86 
2 points
Clockwise? true
(16.0,1.4617925)
(17.0,1.318269)

Line Segment 87 
2 points
Clockwise? false
(37.0,17.604034)
(36.279453,18.0)

Line Segment 88 
2 points
Clockwise? false
(41.0,14.108796)
(40.329353,15.0)

Line Segment 89 
2 points
Clockwise? false
(2.9213796,14.0)
(2.4043307,13.0)

Line Segment 90 
2 points
Clockwise? false
(12.0,19.656902)
(11.0,19.347631)

Line Segment 91 
2 points
Clockwise? true
(36.0,3.8624449)
(36.279453,4.0)

Line Segment 92 
2 points
Clockwise? true
(12.0,2.3430974)
(13.0,2.070519)

Line Segment 93 
2 points
Clockwise? true
(24.0,1.0501516)
(25.0,1.1132642)

Line Segment 94 
2 points
Clockwise? false
(31.0,19.929482)
(30.7081,20.0)

Line Segment 95 
2 points
Clockwise? false
(7.720546,18.0)
(7.0,17.604034)

Line Segment 96 
2 points
Clockwise? false
(19.0,20.886736)
(18.0,20.79761)

Line Segment 97 
2 points
Clockwise? true
(33.0,2.6523683)
(34.0,3.0)

Line Segment 98 
2 points
Clockwise? true
(3.670647,7.0)
(4.0,6.6617017)

Line Segment 99 
2 points
Clockwise? true
(17.0,1.318269)
(18.0,1.2023916)

Line Segment 100 
2 points
Clockwise? false
(38.0,17.0)
(37.0,17.604034)

Line Segment 101 
2 points
Clockwise? false
(29.0,20.366014)
(28.0,20.538208)

Line Segment 102 
2 points
Clockwise? false
(41.07862,14.0)
(41.0,14.108796)

Line Segment 103 
2 points
Clockwise? true
(2.0,11.0)
(2.100274,10.0)

Line Segment 104 
2 points
Clockwise? false
(13.0,19.929482)
(12.0,19.656902)

Line Segment 105 
2 points
Clockwise? true
(39.318962,6.0)
(40.0,6.6617017)

Line Segment 106 
2 points
Clockwise? true
(9.0,3.4074848)
(10.0,3.0)

Line Segment 107 
2 points
Clockwise? true
(25.0,1.1132642)
(26.0,1.2023916)
