Serially(
    [
        Serially(
            [
                Define(
                    0,
                    Polygon(
                        Polygon {
                            points: [
                                (-7.071068,7.071068),
                                (-20.0,-0.00000000000000367394),
                                (-20.0,-0.00000000000000367394),
                                (-7.071068,-7.071068),
                                (-7.071068,-7.071068),
                                (0.0000000000000024492936,-20.0),
                                (0.0000000000000024492936,-20.0),
                                (7.071068,-7.071068),
                                (7.071068,-7.071068),
                                (20.0,0.0000000000000012246468),
                                (20.0,0.0000000000000012246468),
                                (7.071068,7.071068),
                                (7.071068,7.071068),
                                (0.0,20.0),
                                (0.0,20.0),
                                (-7.071068,7.071068)
                            ],
                            matrix: [
                                1.0,
                                0.0,
                                0.0,
                                1.0,
                                24.0,
                                24.0
                            ]
                        }
                    )
                )
            ]
        ),
        Define(
            1,
            BasicShape(
                Transform(
                    Terminal(
                        Field(
                            0
                        )
                    ),
                    [
                        1.0,
                        0.0,
                        0.0,
                        1.0,
                        24.0,
                        24.0
                    ]
                )
            )
        ),
        Export(
            1
        )
    ]
)