Translate {
    dx: 4.25,
    dy: 4.25,
    target: NodeRef {
        node: Or {
            children: [
                NodeRef {
                    node: Circle {
                        x: 0,
                        y: 0,
                        r: 0
                    }
                },
                NodeRef {
                    node: Circle {
                        x: 0,
                        y: 10,
                        r: 0.25
                    }
                },
                NodeRef {
                    node: Circle {
                        x: 0,
                        y: 20,
                        r: 0.5
                    }
                },
                NodeRef {
                    node: Circle {
                        x: 0,
                        y: 30,
                        r: 0.75
                    }
                },
                NodeRef {
                    node: Circle {
                        x: 0,
                        y: 40,
                        r: 1
                    }
                },
                NodeRef {
                    node: Circle {
                        x: 0,
                        y: 50,
                        r: 1.25
                    }
                },
                NodeRef {
                    node: Circle {
                        x: 0,
                        y: 60,
                        r: 1.5
                    }
                },
                NodeRef {
                    node: Circle {
                        x: 0,
                        y: 70,
                        r: 1.75
                    }
                },
                NodeRef {
                    node: Circle {
                        x: 0,
                        y: 80,
                        r: 2
                    }
                },
                NodeRef {
                    node: Circle {
                        x: 0,
                        y: 90,
                        r: 2.25
                    }
                },
                NodeRef {
                    node: Circle {
                        x: 10,
                        y: 0,
                        r: 0.25
                    }
                },
                NodeRef {
                    node: Circle {
                        x: 10,
                        y: 10,
                        r: 0.5
                    }
                },
                NodeRef {
                    node: Circle {
                        x: 10,
                        y: 20,
                        r: 0.75
                    }
                },
                NodeRef {
                    node: Circle {
                        x: 10,
                        y: 30,
                        r: 1
                    }
                },
                NodeRef {
                    node: Circle {
                        x: 10,
                        y: 40,
                        r: 1.25
                    }
                },
                NodeRef {
                    node: Circle {
                        x: 10,
                        y: 50,
                        r: 1.5
                    }
                },
                NodeRef {
                    node: Circle {
                        x: 10,
                        y: 60,
                        r: 1.75
                    }
                },
                NodeRef {
                    node: Circle {
                        x: 10,
                        y: 70,
                        r: 2
                    }
                },
                NodeRef {
                    node: Circle {
                        x: 10,
                        y: 80,
                        r: 2.25
                    }
                },
                NodeRef {
                    node: Circle {
                        x: 10,
                        y: 90,
                        r: 2.5
                    }
                },
                NodeRef {
                    node: Circle {
                        x: 20,
                        y: 0,
                        r: 0.5
                    }
                },
                NodeRef {
                    node: Circle {
                        x: 20,
                        y: 10,
                        r: 0.75
                    }
                },
                NodeRef {
                    node: Circle {
                        x: 20,
                        y: 20,
                        r: 1
                    }
                },
                NodeRef {
                    node: Circle {
                        x: 20,
                        y: 30,
                        r: 1.25
                    }
                },
                NodeRef {
                    node: Circle {
                        x: 20,
                        y: 40,
                        r: 1.5
                    }
                },
                NodeRef {
                    node: Circle {
                        x: 20,
                        y: 50,
                        r: 1.75
                    }
                },
                NodeRef {
                    node: Circle {
                        x: 20,
                        y: 60,
                        r: 2
                    }
                },
                NodeRef {
                    node: Circle {
                        x: 20,
                        y: 70,
                        r: 2.25
                    }
                },
                NodeRef {
                    node: Circle {
                        x: 20,
                        y: 80,
                        r: 2.5
                    }
                },
                NodeRef {
                    node: Circle {
                        x: 20,
                        y: 90,
                        r: 2.75
                    }
                },
                NodeRef {
                    node: Circle {
                        x: 30,
                        y: 0,
                        r: 0.75
                    }
                },
                NodeRef {
                    node: Circle {
                        x: 30,
                        y: 10,
                        r: 1
                    }
                },
                NodeRef {
                    node: Circle {
                        x: 30,
                        y: 20,
                        r: 1.25
                    }
                },
                NodeRef {
                    node: Circle {
                        x: 30,
                        y: 30,
                        r: 1.5
                    }
                },
                NodeRef {
                    node: Circle {
                        x: 30,
                        y: 40,
                        r: 1.75
                    }
                },
                NodeRef {
                    node: Circle {
                        x: 30,
                        y: 50,
                        r: 2
                    }
                },
                NodeRef {
                    node: Circle {
                        x: 30,
                        y: 60,
                        r: 2.25
                    }
                },
                NodeRef {
                    node: Circle {
                        x: 30,
                        y: 70,
                        r: 2.5
                    }
                },
                NodeRef {
                    node: Circle {
                        x: 30,
                        y: 80,
                        r: 2.75
                    }
                },
                NodeRef {
                    node: Circle {
                        x: 30,
                        y: 90,
                        r: 3
                    }
                },
                NodeRef {
                    node: Circle {
                        x: 40,
                        y: 0,
                        r: 1
                    }
                },
                NodeRef {
                    node: Circle {
                        x: 40,
                        y: 10,
                        r: 1.25
                    }
                },
                NodeRef {
                    node: Circle {
                        x: 40,
                        y: 20,
                        r: 1.5
                    }
                },
                NodeRef {
                    node: Circle {
                        x: 40,
                        y: 30,
                        r: 1.75
                    }
                },
                NodeRef {
                    node: Circle {
                        x: 40,
                        y: 40,
                        r: 2
                    }
                },
                NodeRef {
                    node: Circle {
                        x: 40,
                        y: 50,
                        r: 2.25
                    }
                },
                NodeRef {
                    node: Circle {
                        x: 40,
                        y: 60,
                        r: 2.5
                    }
                },
                NodeRef {
                    node: Circle {
                        x: 40,
                        y: 70,
                        r: 2.75
                    }
                },
                NodeRef {
                    node: Circle {
                        x: 40,
                        y: 80,
                        r: 3
                    }
                },
                NodeRef {
                    node: Circle {
                        x: 40,
                        y: 90,
                        r: 3.25
                    }
                },
                NodeRef {
                    node: Circle {
                        x: 50,
                        y: 0,
                        r: 1.25
                    }
                },
                NodeRef {
                    node: Circle {
                        x: 50,
                        y: 10,
                        r: 1.5
                    }
                },
                NodeRef {
                    node: Circle {
                        x: 50,
                        y: 20,
                        r: 1.75
                    }
                },
                NodeRef {
                    node: Circle {
                        x: 50,
                        y: 30,
                        r: 2
                    }
                },
                NodeRef {
                    node: Circle {
                        x: 50,
                        y: 40,
                        r: 2.25
                    }
                },
                NodeRef {
                    node: Circle {
                        x: 50,
                        y: 50,
                        r: 2.5
                    }
                },
                NodeRef {
                    node: Circle {
                        x: 50,
                        y: 60,
                        r: 2.75
                    }
                },
                NodeRef {
                    node: Circle {
                        x: 50,
                        y: 70,
                        r: 3
                    }
                },
                NodeRef {
                    node: Circle {
                        x: 50,
                        y: 80,
                        r: 3.25
                    }
                },
                NodeRef {
                    node: Circle {
                        x: 50,
                        y: 90,
                        r: 3.5
                    }
                },
                NodeRef {
                    node: Circle {
                        x: 60,
                        y: 0,
                        r: 1.5
                    }
                },
                NodeRef {
                    node: Circle {
                        x: 60,
                        y: 10,
                        r: 1.75
                    }
                },
                NodeRef {
                    node: Circle {
                        x: 60,
                        y: 20,
                        r: 2
                    }
                },
                NodeRef {
                    node: Circle {
                        x: 60,
                        y: 30,
                        r: 2.25
                    }
                },
                NodeRef {
                    node: Circle {
                        x: 60,
                        y: 40,
                        r: 2.5
                    }
                },
                NodeRef {
                    node: Circle {
                        x: 60,
                        y: 50,
                        r: 2.75
                    }
                },
                NodeRef {
                    node: Circle {
                        x: 60,
                        y: 60,
                        r: 3
                    }
                },
                NodeRef {
                    node: Circle {
                        x: 60,
                        y: 70,
                        r: 3.25
                    }
                },
                NodeRef {
                    node: Circle {
                        x: 60,
                        y: 80,
                        r: 3.5
                    }
                },
                NodeRef {
                    node: Circle {
                        x: 60,
                        y: 90,
                        r: 3.75
                    }
                },
                NodeRef {
                    node: Circle {
                        x: 70,
                        y: 0,
                        r: 1.75
                    }
                },
                NodeRef {
                    node: Circle {
                        x: 70,
                        y: 10,
                        r: 2
                    }
                },
                NodeRef {
                    node: Circle {
                        x: 70,
                        y: 20,
                        r: 2.25
                    }
                },
                NodeRef {
                    node: Circle {
                        x: 70,
                        y: 30,
                        r: 2.5
                    }
                },
                NodeRef {
                    node: Circle {
                        x: 70,
                        y: 40,
                        r: 2.75
                    }
                },
                NodeRef {
                    node: Circle {
                        x: 70,
                        y: 50,
                        r: 3
                    }
                },
                NodeRef {
                    node: Circle {
                        x: 70,
                        y: 60,
                        r: 3.25
                    }
                },
                NodeRef {
                    node: Circle {
                        x: 70,
                        y: 70,
                        r: 3.5
                    }
                },
                NodeRef {
                    node: Circle {
                        x: 70,
                        y: 80,
                        r: 3.75
                    }
                },
                NodeRef {
                    node: Circle {
                        x: 70,
                        y: 90,
                        r: 4
                    }
                },
                NodeRef {
                    node: Circle {
                        x: 80,
                        y: 0,
                        r: 2
                    }
                },
                NodeRef {
                    node: Circle {
                        x: 80,
                        y: 10,
                        r: 2.25
                    }
                },
                NodeRef {
                    node: Circle {
                        x: 80,
                        y: 20,
                        r: 2.5
                    }
                },
                NodeRef {
                    node: Circle {
                        x: 80,
                        y: 30,
                        r: 2.75
                    }
                },
                NodeRef {
                    node: Circle {
                        x: 80,
                        y: 40,
                        r: 3
                    }
                },
                NodeRef {
                    node: Circle {
                        x: 80,
                        y: 50,
                        r: 3.25
                    }
                },
                NodeRef {
                    node: Circle {
                        x: 80,
                        y: 60,
                        r: 3.5
                    }
                },
                NodeRef {
                    node: Circle {
                        x: 80,
                        y: 70,
                        r: 3.75
                    }
                },
                NodeRef {
                    node: Circle {
                        x: 80,
                        y: 80,
                        r: 4
                    }
                },
                NodeRef {
                    node: Circle {
                        x: 80,
                        y: 90,
                        r: 4.25
                    }
                },
                NodeRef {
                    node: Circle {
                        x: 90,
                        y: 0,
                        r: 2.25
                    }
                },
                NodeRef {
                    node: Circle {
                        x: 90,
                        y: 10,
                        r: 2.5
                    }
                },
                NodeRef {
                    node: Circle {
                        x: 90,
                        y: 20,
                        r: 2.75
                    }
                },
                NodeRef {
                    node: Circle {
                        x: 90,
                        y: 30,
                        r: 3
                    }
                },
                NodeRef {
                    node: Circle {
                        x: 90,
                        y: 40,
                        r: 3.25
                    }
                },
                NodeRef {
                    node: Circle {
                        x: 90,
                        y: 50,
                        r: 3.5
                    }
                },
                NodeRef {
                    node: Circle {
                        x: 90,
                        y: 60,
                        r: 3.75
                    }
                },
                NodeRef {
                    node: Circle {
                        x: 90,
                        y: 70,
                        r: 4
                    }
                },
                NodeRef {
                    node: Circle {
                        x: 90,
                        y: 80,
                        r: 4.25
                    }
                },
                NodeRef {
                    node: Circle {
                        x: 90,
                        y: 90,
                        r: 4.5
                    }
                }
            ]
        }
    }
}