Transform {
    target: Add(
        [
            DistToPoly(
                [
                    (
                        6.0,
                        6.0,
                        16.0,
                        6.0
                    ),
                    (
                        16.0,
                        6.0,
                        16.0,
                        16.0
                    ),
                    (
                        16.0,
                        16.0,
                        6.0,
                        16.0
                    ),
                    (
                        6.0,
                        16.0,
                        6.0,
                        6.0
                    )
                ]
            ),
            Constant(
                -5.0
            )
        ]
    ),
    matrix: [
        0.33333334,
        0.0,
        0.0,
        0.0,
        0.0,
        1.0,
        0.0,
        0.0,
        0.0,
        0.0,
        1.0,
        0.0,
        0.0,
        0.0,
        0.0,
        1.0
    ]
}