((11.0,21.0), (11.0,21.0))
((11.0,21.0), (11.0,21.0))
((11.050152,20.0), (11.202392,19.0))
((11.202392,19.0), (11.461792,18.0))
((11.461792,18.0), (11.835978,17.0))
((11.835978,17.0), (12.0,16.661701))
((12.0,16.661701), (12.343098,16.0))
((12.0,20.949848), (11.050152,20.0))
((12.343098,16.0), (13.0,15.0))
((13.0,15.0), (13.0,15.0))
((13.0,15.0), (13.862445,14.0))
((13.0,20.79761), (12.0,20.949848))
((13.862445,14.0), (14.0,13.862445))
((14.0,13.862445), (15.0,13.0))
((14.0,20.538208), (13.0,20.79761))
((15.0,13.0), (15.0,13.0))
((15.0,13.0), (16.0,12.343098))
((15.0,20.164022), (14.0,20.538208))
((15.338299,20.0), (15.0,20.164022))
((16.0,12.343098), (16.661701,12.0))
((16.0,19.656902), (15.338299,20.0))
((16.661701,12.0), (17.0,11.835978))
((17.0,11.835978), (18.0,11.461792))
((17.0,19.0), (16.0,19.656902))
((17.0,19.0), (17.0,19.0))
((18.0,11.461792), (19.0,11.202392))
((18.0,18.137556), (17.0,19.0))
((18.137556,18.0), (18.0,18.137556))
((19.0,11.202392), (20.0,11.050152))
((19.0,17.0), (18.137556,18.0))
((19.0,17.0), (19.0,17.0))
((19.656902,16.0), (19.0,17.0))
((20.0,11.050152), (20.949848,12.0))
((20.0,15.338299), (19.656902,16.0))
((20.164022,15.0), (20.0,15.338299))
((20.538208,14.0), (20.164022,15.0))
((20.79761,13.0), (20.538208,14.0))
((20.949848,12.0), (20.79761,13.0))
((21.0,11.0), (21.0,11.0))
((21.0,11.0), (21.0,11.0))
